V3 3
FL C:/team1/dpinputModule/inputModule.vhd 2014/06/25.12:08:14 P.49d
EN work/inputModule 1403665705 FL C:/team1/dpinputModule/inputModule.vhd \
      PB ieee/std_logic_1164 1354696159
AR work/inputModule/Behavioral 1403665706 \
      FL C:/team1/dpinputModule/inputModule.vhd EN work/inputModule 1403665705
